src/app/pages/AboutUs.tsx(140,8): error TS17008: JSX element 'section' has no corresponding closing tag.
src/app/pages/AboutUs.tsx(238,14): error TS17008: JSX element 'div' has no corresponding closing tag.
src/app/pages/AboutUs.tsx(262,7): error TS1005: ')' expected.
src/app/pages/AboutUs.tsx(265,16): error TS1005: ';' expected.
src/app/pages/AboutUs.tsx(280,11): error TS17002: Expected corresponding JSX closing tag for 'ScrollAnimation'.
src/app/pages/AboutUs.tsx(281,7): error TS1128: Declaration or statement expected.
src/app/pages/AboutUs.tsx(284,16): error TS1005: ';' expected.
src/app/pages/AboutUs.tsx(311,7): error TS1128: Declaration or statement expected.
src/app/pages/AboutUs.tsx(314,16): error TS1005: ';' expected.
src/app/pages/AboutUs.tsx(330,16): error TS17008: JSX element 'ScrollAnimation' has no corresponding closing tag.
src/app/pages/AboutUs.tsx(356,9): error TS1128: Declaration or statement expected.
src/app/pages/AboutUs.tsx(357,7): error TS1109: Expression expected.
src/app/pages/AboutUs.tsx(360,16): error TS1005: ';' expected.
src/app/pages/AboutUs.tsx(390,7): error TS1128: Declaration or statement expected.
src/app/pages/AboutUs.tsx(393,16): error TS1005: ';' expected.
src/app/pages/AboutUs.tsx(416,7): error TS1128: Declaration or statement expected.
src/app/pages/AboutUs.tsx(419,5): error TS1128: Declaration or statement expected.
src/app/pages/AboutUs.tsx(420,3): error TS1109: Expression expected.
